<html>
<body>
<pre>
<h1>礦ision Build Log</h1>
<h2>Tool Versions:</h2>
IDE-Version: μVision V5.21.1.0
Copyright (C) 2016 ARM Ltd and ARM Germany GmbH. All rights reserved.
License Information: aa Administrator, aa, LIC=Z6F56-DA2QN-3FFIF-66VMF-BIKF8-055FH
 
Tool Versions:
Toolchain:       MDK-ARM Basic (256K)  Version: 5.21a
Toolchain Path:  D:\Keil_v5\ARM\ARMCC\Bin
C Compiler:      Armcc.exe V5.06 update 3 (build 300)
Assembler:       Armasm.exe V5.06 update 3 (build 300)
Linker/Locator:  ArmLink.exe V5.06 update 3 (build 300)
Library Manager: ArmAr.exe V5.06 update 3 (build 300)
Hex Converter:   FromElf.exe V5.06 update 3 (build 300)
CPU DLL:         SARMCM3.DLL V5.21a
Dialog DLL:      DARMSTM.DLL V1.66.0.1
Target DLL:      STLink\ST-LINKIII-KEIL_SWO.dll V2.0.18.0
Dialog DLL:      TARMSTM.DLL V1.65.0.0
 
<h2>Project:</h2>
C:\Users\Administrator\Desktop\电赛暑期训练\代码\示波器\USER\test.uvprojx
Project File Date:  07/19/2019

<h2>Output:</h2>
*** Using Compiler 'V5.06 update 3 (build 300)', folder: 'D:\Keil_v5\ARM\ARMCC\Bin'
Build target 'Target 1'
assembling startup_stm32f10x_hd.s...
compiling delay.c...
compiling test.c...
test.c(19): warning:  #1295-D: Deprecated declaration lcd_init - give arg types
  void lcd_init();
test.c(20): warning:  #1295-D: Deprecated declaration clear_point - give arg types
  void clear_point();//??????示?恋?前??
test.c(21): warning:  #1295-D: Deprecated declaration InitBufInArray - give arg types
  void InitBufInArray();
test.c(22): warning:  #1295-D: Deprecated declaration GetPowerMag - give arg types
  void GetPowerMag();
test.c(306): warning:  #1-D: last line of file ends without a newline
  }
test.c: 5 warnings, 0 errors
compiling usart.c...
compiling sys.c...
compiling led.c...
compiling adc.c...
compiling timer.c...
compiling key.c...
compiling ILI93xx.c...
assembling cr4_fft_1024_stm32.s...
compiling exti.c...
compiling dma.c...
linking...
Program Size: Code=32966 RO-data=6418 RW-data=4168 ZI-data=22328  
FromELF: creating hex file...
"..\OBJ\test.axf" - 0 Error(s), 5 Warning(s).

<h2>Collection of Component include folders:</h2>
  C:\Users\Administrator\Desktop\电赛暑期训练\代码\示波器\USER\RTE
  D:\Keil_v5\ARM\PACK\Keil\STM32F1xx_DFP\2.2.0\Device\Include

<h2>Collection of Component Files used:</h2>
Build Time Elapsed:  00:00:04
</pre>
</body>
</html>
